5
4
3
2
5
3
2
8
1
1
1
0
0
a
w
a
q
b
1.2
6.78
123.456
1
8234.87
hello
hello
world
alive
work
