5432532811100awaqb1.26.78123.45618234.87hellohelloworldalivework