string s = "Hello, world!";
complicated_print(s);
string complicated_print(string s)
{
for (c in s) {
print(x);
}
}
