set @l char @r mychars = {'a', 'b', 'c', 'a'};
set @l int @r myints = {1, 2, 3, 2};
set @l float @r myfloats = {1.1, 22.22, 3.3, 3.3};
set @l string @r mystrings = {"a", "b", "c", "b"};
set @l bool @r mybools = {true, false, true};
