list <string> hello = ["Hello", ",", "World", "!", "\n"];
list <int> numbers = [1, 2, 3, 4, 5, 6, 7, 8, 9, 10];
list <char> chars = ['a', 'b', 'c', 'd', 'e', 'f', 'g', 'h', 'i', 'j'];
list <bool> bools = [true, false, true, false, true, false, true, false, true, false];
list <float> floats = [1.0000, 2.0, 3.0, 4.0, 5.0, 6.0, 7.0, 8.0, 9.0, 100000.9];
