list <float> hello = [3.141592, 2.718281, 1.618034, 99.999999];
