; ModuleID = 'Wampus'
source_filename = "Wampus"

@fmt = private unnamed_addr constant [4 x i8] c"%d\0A\00", align 1
@fmt.1 = private unnamed_addr constant [4 x i8] c"%g\0A\00", align 1

declare i32 @printf(i8*, ...)

define i32 @main() {
entry:
  %printf = call i32 (i8*, ...) @printf(i8* getelementptr inbounds ([4 x i8], [4 x i8]* @fmt, i32 0, i32 0), i32 123)
  %printf1 = call i32 (i8*, ...) @printf(i8* getelementptr inbounds ([4 x i8], [4 x i8]* @fmt, i32 0, i32 0), i32 456)
  ret i32 0
}
