int x = 3;                         
x += 3;
x *= 3;
x /= 3;
x -= 3;
Set <int> x = {1, 2, 3};
Set <int> y = {3, 4, 5};
Set <int> z = {5, 6, 7};
x |= y;
x &= z;
