set <int> s = {4, 5, 2};
set <int> s;
set <int> s = {};
