int x = 3;
x += 3;
x *= 3;
x /= 3;
x -= 3;
set <int> x = {1, 2, 3};
set <int> y = {3, 4, 5};
set <int> z = {5, 6, 7};
x |= y;
x &= z;
