list <int> s = [4, 5, 2];
list <int> s;
list <int> s = [];
