if (int x = 4 != int z = 5)
{
print("Not equal");
}
