if ('c' == 'd')
1;
else
if (true)
"Yay";
else
"Boo!";
